15:49:33 **** Incremental Build of configuration Debug for project projet-f103 ****
make -j4 all 
Building file: ../appli/cadena.c
Invoking: MCU GCC Compiler
C:\Users\Salxs\Documents\ESEO\Cours\Electronique_embarqué\Projet Electronique embarqué\STM32_Workspace\DEEP_E3_A_ALEXANDRE_GUETSA\projet-f103\Debug
arm-none-eabi-gcc -mcpu=cortex-m3 -mthumb -mfloat-abi=soft -DSTM32F1 -DNUCLEO_F103RB -DSTM32F103RBTx -DSTM32 -DDEBUG -DUSE_HAL_DRIVER -DSTM32F103xB -I"C:/Users/Salxs/Documents/ESEO/Cours/Electronique_embarqué/Projet Electronique embarqué/STM32_Workspace/DEEP_E3_A_ALEXANDRE_GUETSA/projet-f103/lib/bsp" -I"C:/Users/Salxs/Documents/ESEO/Cours/Electronique_embarqué/Projet Electronique embarqué/STM32_Workspace/DEEP_E3_A_ALEXANDRE_GUETSA/projet-f103/lib/middleware/MIDI" -I"C:/Users/Salxs/Documents/ESEO/Cours/Electronique_embarqué/Projet Electronique embarqué/STM32_Workspace/DEEP_E3_A_ALEXANDRE_GUETSA/projet-f103/lib/bsp/VL53L0X" -I"C:/Users/Salxs/Documents/ESEO/Cours/Electronique_embarqué/Projet Electronique embarqué/STM32_Workspace/DEEP_E3_A_ALEXANDRE_GUETSA/projet-f103/lib/bsp/MPU6050" -I"C:/Users/Salxs/Documents/ESEO/Cours/Electronique_embarqué/Projet Electronique embarqué/STM32_Workspace/DEEP_E3_A_ALEXANDRE_GUETSA/projet-f103/lib/bsp/iks01a1" -I"C:/Users/Salxs/Documents/ESEO/Cours/Electronique_embarqué/Projet Electronique embarqué/STM32_Workspace/DEEP_E3_A_ALEXANDRE_GUETSA/projet-f103/lib/bsp/iks01a1/Common" -I"C:/Users/Salxs/Documents/ESEO/Cours/Electronique_embarqué/Projet Electronique embarqué/STM32_Workspace/DEEP_E3_A_ALEXANDRE_GUETSA/projet-f103/lib/bsp/iks01a1/hts221" -I"C:/Users/Salxs/Documents/ESEO/Cours/Electronique_embarqué/Projet Electronique embarqué/STM32_Workspace/DEEP_E3_A_ALEXANDRE_GUETSA/projet-f103/lib/bsp/iks01a1/lis3mdl" -I"C:/Users/Salxs/Documents/ESEO/Cours/Electronique_embarqué/Projet Electronique embarqué/STM32_Workspace/DEEP_E3_A_ALEXANDRE_GUETSA/projet-f103/lib/bsp/iks01a1/lps22hb" -I"C:/Users/Salxs/Documents/ESEO/Cours/Electronique_embarqué/Projet Electronique embarqué/STM32_Workspace/DEEP_E3_A_ALEXANDRE_GUETSA/projet-f103/lib/bsp/iks01a1/lps25hb" -I"C:/Users/Salxs/Documents/ESEO/Cours/Electronique_embarqué/Projet Electronique embarqué/STM32_Workspace/DEEP_E3_A_ALEXANDRE_GUETSA/projet-f103/lib/bsp/iks01a1/lsm6ds0" -I"C:/Users/Salxs/Documents/ESEO/Cours/Electronique_embarqué/Projet Electronique embarqué/STM32_Workspace/DEEP_E3_A_ALEXANDRE_GUETSA/projet-f103/lib/bsp/iks01a1/lsm6ds3" -I"C:/Users/Salxs/Documents/ESEO/Cours/Electronique_embarqué/Projet Electronique embarqué/STM32_Workspace/DEEP_E3_A_ALEXANDRE_GUETSA/projet-f103/lib/bsp/tft_ili9341" -I"C:/Users/Salxs/Documents/ESEO/Cours/Electronique_embarqué/Projet Electronique embarqué/STM32_Workspace/DEEP_E3_A_ALEXANDRE_GUETSA/projet-f103/lib/bsp/tft_pcd8544" -I"C:/Users/Salxs/Documents/ESEO/Cours/Electronique_embarqué/Projet Electronique embarqué/STM32_Workspace/DEEP_E3_A_ALEXANDRE_GUETSA/projet-f103/lib/bsp/MCP23S17" -I"C:/Users/Salxs/Documents/ESEO/Cours/Electronique_embarqué/Projet Electronique embarqué/STM32_Workspace/DEEP_E3_A_ALEXANDRE_GUETSA/projet-f103/lib/hal/inc" -I"C:/Users/Salxs/Documents/ESEO/Cours/Electronique_embarqué/Projet Electronique embarqué/STM32_Workspace/DEEP_E3_A_ALEXANDRE_GUETSA/projet-f103/lib/bsp/Common" -I"C:/Users/Salxs/Documents/ESEO/Cours/Electronique_embarqué/Projet Electronique embarqué/STM32_Workspace/DEEP_E3_A_ALEXANDRE_GUETSA/projet-f103/lib/bsp/lcd2x16" -I"C:/Users/Salxs/Documents/ESEO/Cours/Electronique_embarqué/Projet Electronique embarqué/STM32_Workspace/DEEP_E3_A_ALEXANDRE_GUETSA/projet-f103/lib/bsp/MLX90614" -I"C:/Users/Salxs/Documents/ESEO/Cours/Electronique_embarqué/Projet Electronique embarqué/STM32_Workspace/DEEP_E3_A_ALEXANDRE_GUETSA/projet-f103/lib/bsp/MatrixKeyboard" -I"C:/Users/Salxs/Documents/ESEO/Cours/Electronique_embarqué/Projet Electronique embarqué/STM32_Workspace/DEEP_E3_A_ALEXANDRE_GUETSA/projet-f103/lib/bsp/MatrixLed" -I"C:/Users/Salxs/Documents/ESEO/Cours/Electronique_embarqué/Projet Electronique embarqué/STM32_Workspace/DEEP_E3_A_ALEXANDRE_GUETSA/projet-f103/lib/CMSIS/core" -I"C:/Users/Salxs/Documents/ESEO/Cours/Electronique_embarqué/Projet Electronique embarqué/STM32_Workspace/DEEP_E3_A_ALEXANDRE_GUETSA/projet-f103/lib/CMSIS/device" -I"C:/Users/Salxs/Documents/ESEO/Cours/Electronique_embarqué/Projet Electronique embarqué/STM32_Workspace/DEEP_E3_A_ALEXANDRE_GUETSA/projet-f103/lib/middleware/FatFs" -I"C:/Users/Salxs/Documents/ESEO/Cours/Electronique_embarqué/Projet Electronique embarqué/STM32_Workspace/DEEP_E3_A_ALEXANDRE_GUETSA/projet-f103/lib/middleware/FatFs/src" -I"C:/Users/Salxs/Documents/ESEO/Cours/Electronique_embarqué/Projet Electronique embarqué/STM32_Workspace/DEEP_E3_A_ALEXANDRE_GUETSA/projet-f103/lib/middleware/FatFs/src/drivers" -I"C:/Users/Salxs/Documents/ESEO/Cours/Electronique_embarqué/Projet Electronique embarqué/STM32_Workspace/DEEP_E3_A_ALEXANDRE_GUETSA/projet-f103/appli"  -Og -g3 -Wall -Wextra -Wconversion -fmessage-length=0 -ffunction-sections -fdata-sections -c -MMD -MP -MF"appli/cadena.d" -MT"appli/cadena.o" -o "appli/cadena.o" "../appli/cadena.c"
../appli/cadena.c: In function 'CADENA_state_machine':
../appli/cadena.c:51:4: warning: implicit declaration of function 'BSP_GPIO_PinCfg'; did you mean 'IS_GPIO_PIN'? [-Wimplicit-function-declaration]
    BSP_GPIO_PinCfg(GPIOA, GPIO_PIN_6, GPIO_MODE_OUTPUT_PP,GPIO_NOPULL,GPIO_SPEED_FREQ_HIGH);
    ^~~~~~~~~~~~~~~
    IS_GPIO_PIN
../appli/cadena.c:54:4: warning: implicit declaration of function 'HC05_Init'; did you mean 'HAL_Init'? [-Wimplicit-function-declaration]
    HC05_Init();
    ^~~~~~~~~
    HAL_Init
../appli/cadena.c:63:15: warning: comparison between pointer and integer
    if(message == "connecter")
               ^~
../appli/cadena.c:63:15: warning: comparison with string literal results in unspecified behavior [-Waddress]
../appli/cadena.c:66:13: warning: assignment makes integer from pointer without a cast [-Wint-conversion]
     message = "";
             ^
../appli/cadena.c:81:15: warning: comparison between pointer and integer
    if(message == "verrouille")
               ^~
../appli/cadena.c:81:15: warning: comparison with string literal results in unspecified behavior [-Waddress]
../appli/cadena.c:84:13: warning: assignment makes integer from pointer without a cast [-Wint-conversion]
     message = "";
             ^
../appli/cadena.c:87:20: warning: comparison between pointer and integer
    else if(message == "badge")
                    ^~
../appli/cadena.c:87:20: warning: comparison with string literal results in unspecified behavior [-Waddress]
../appli/cadena.c:89:12: warning: passing argument 1 of 'printf' makes pointer from integer without a cast [-Wint-conversion]
     printf(message);
            ^~~~~~~
In file included from C:/Users/Salxs/Documents/ESEO/Cours/Electronique_embarqué/Projet Electronique embarqué/STM32_Workspace/DEEP_E3_A_ALEXANDRE_GUETSA/projet-f103/lib/bsp/macro_types.h:10:0,
                 from ../appli/cadena.c:10:
d:\programme\logiciel\plugins\fr.ac6.mcu.externaltools.arm-none.win32_1.17.0.201812190825\tools\compiler\arm-none-eabi\include\stdio.h:200:5: note: expected 'const char * restrict' but argument is of type 'char'
 int printf (const char *__restrict, ...)
     ^~~~~~
../appli/cadena.c:91:13: warning: assignment makes integer from pointer without a cast [-Wint-conversion]
     message = "";
             ^
../appli/cadena.c:94:20: warning: comparison between pointer and integer
    else if(message == "gps")
                    ^~
../appli/cadena.c:94:20: warning: comparison with string literal results in unspecified behavior [-Waddress]
../appli/cadena.c:116:15: warning: comparison between pointer and integer
    if(message == "deconnexion")
               ^~
../appli/cadena.c:116:15: warning: comparison with string literal results in unspecified behavior [-Waddress]
../appli/cadena.c:118:13: warning: assignment makes integer from pointer without a cast [-Wint-conversion]
     message = "";
             ^
../appli/cadena.c:148:6: warning: implicit declaration of function 'delay' [-Wimplicit-function-declaration]
      delay(1000);
      ^~~~~
../appli/cadena.c: In function 'CADENA_recuperation_message':
../appli/cadena.c:180:13: warning: initialization makes integer from pointer without a cast [-Wint-conversion]
  int info = "";
             ^~
../appli/cadena.c:188:18: warning: initialization makes integer from pointer without a cast [-Wint-conversion]
  char infoChar = info +"0";
                  ^~~~
../appli/cadena.c: In function 'CADENA_state_machine':
../appli/cadena.c:100:33: warning: 'result' may be used uninitialized in this function [-Wmaybe-uninitialized]
      if((result == TRAME_GPRMC) || (result == TRAME_GPGGA))
         ~~~~~~~~~~~~~~~~~~~~~~~~^~~~~~~~~~~~~~~~~~~~~~~~~~
Finished building: ../appli/cadena.c
 
Building target: projet-f103.elf
Invoking: MCU GCC Linker
arm-none-eabi-gcc -mcpu=cortex-m3 -mthumb -mfloat-abi=soft -u_printf_float -specs=rdimon.specs -T"../lib/LinkerScript.ld" -Wl,-Map=output.map -Wl,--gc-sections -o "projet-f103.elf" @"objects.list"  -lc -lrdimon -lm
Finished building target: projet-f103.elf
 
make --no-print-directory post-build
Generating binary and Printing size information:
arm-none-eabi-objcopy -O binary "projet-f103.elf" "projet-f103.bin"
arm-none-eabi-size "projet-f103.elf"
   text	   data	    bss	    dec	    hex	filename
  67332	   2516	   4880	  74728	  123e8	projet-f103.elf
 
14:53:01 **** Incremental Build of configuration Debug for project projet-f103 ****
make -j4 all 
Building file: ../lib/bsp/NFC03A1/nfc03a1.c
Invoking: MCU GCC Compiler
Building file: ../appli/cadena.c
C:\Users\Salxs\Documents\ESEO\Cours\Electronique_embarqué\Projet Electronique embarqué\STM32_Workspace\DEEP_E3_A_ALEXANDRE_GUETSA\projet-f103\Debug
Invoking: MCU GCC Compiler
arm-none-eabi-gcc -mcpu=cortex-m3 -mthumb -mfloat-abi=soft -DSTM32F1 -DNUCLEO_F103RB -DSTM32F103RBTx -DSTM32 -DDEBUG -DUSE_HAL_DRIVER -DSTM32F103xB -I"C:/Users/Salxs/Documents/ESEO/Cours/Electronique_embarqué/Projet Electronique embarqué/STM32_Workspace/DEEP_E3_A_ALEXANDRE_GUETSA/projet-f103/lib/bsp" -I"C:/Users/Salxs/Documents/ESEO/Cours/Electronique_embarqué/Projet Electronique embarqué/STM32_Workspace/DEEP_E3_A_ALEXANDRE_GUETSA/projet-f103/lib/middleware/MIDI" -I"C:/Users/Salxs/Documents/ESEO/Cours/Electronique_embarqué/Projet Electronique embarqué/STM32_Workspace/DEEP_E3_A_ALEXANDRE_GUETSA/projet-f103/lib/bsp/VL53L0X" -I"C:/Users/Salxs/Documents/ESEO/Cours/Electronique_embarqué/Projet Electronique embarqué/STM32_Workspace/DEEP_E3_A_ALEXANDRE_GUETSA/projet-f103/lib/bsp/MPU6050" -I"C:/Users/Salxs/Documents/ESEO/Cours/Electronique_embarqué/Projet Electronique embarqué/STM32_Workspace/DEEP_E3_A_ALEXANDRE_GUETSA/projet-f103/lib/bsp/iks01a1" -I"C:/Users/Salxs/Documents/ESEO/Cours/Electronique_embarqué/Projet Electronique embarqué/STM32_Workspace/DEEP_E3_A_ALEXANDRE_GUETSA/projet-f103/lib/bsp/iks01a1/Common" -I"C:/Users/Salxs/Documents/ESEO/Cours/Electronique_embarqué/Projet Electronique embarqué/STM32_Workspace/DEEP_E3_A_ALEXANDRE_GUETSA/projet-f103/lib/bsp/iks01a1/hts221" -I"C:/Users/Salxs/Documents/ESEO/Cours/Electronique_embarqué/Projet Electronique embarqué/STM32_Workspace/DEEP_E3_A_ALEXANDRE_GUETSA/projet-f103/lib/bsp/iks01a1/lis3mdl" -I"C:/Users/Salxs/Documents/ESEO/Cours/Electronique_embarqué/Projet Electronique embarqué/STM32_Workspace/DEEP_E3_A_ALEXANDRE_GUETSA/projet-f103/lib/bsp/iks01a1/lps22hb" -I"C:/Users/Salxs/Documents/ESEO/Cours/Electronique_embarqué/Projet Electronique embarqué/STM32_Workspace/DEEP_E3_A_ALEXANDRE_GUETSA/projet-f103/lib/bsp/iks01a1/lps25hb" -I"C:/Users/Salxs/Documents/ESEO/Cours/Electronique_embarqué/Projet Electronique embarqué/STM32_Workspace/DEEP_E3_A_ALEXANDRE_GUETSA/projet-f103/lib/bsp/iks01a1/lsm6ds0" -I"C:/Users/Salxs/Documents/ESEO/Cours/Electronique_embarqué/Projet Electronique embarqué/STM32_Workspace/DEEP_E3_A_ALEXANDRE_GUETSA/projet-f103/lib/bsp/iks01a1/lsm6ds3" -I"C:/Users/Salxs/Documents/ESEO/Cours/Electronique_embarqué/Projet Electronique embarqué/STM32_Workspace/DEEP_E3_A_ALEXANDRE_GUETSA/projet-f103/lib/bsp/tft_ili9341" -I"C:/Users/Salxs/Documents/ESEO/Cours/Electronique_embarqué/Projet Electronique embarqué/STM32_Workspace/DEEP_E3_A_ALEXANDRE_GUETSA/projet-f103/lib/bsp/tft_pcd8544" -I"C:/Users/Salxs/Documents/ESEO/Cours/Electronique_embarqué/Projet Electronique embarqué/STM32_Workspace/DEEP_E3_A_ALEXANDRE_GUETSA/projet-f103/lib/bsp/MCP23S17" -I"C:/Users/Salxs/Documents/ESEO/Cours/Electronique_embarqué/Projet Electronique embarqué/STM32_Workspace/DEEP_E3_A_ALEXANDRE_GUETSA/projet-f103/lib/hal/inc" -I"C:/Users/Salxs/Documents/ESEO/Cours/Electronique_embarqué/Projet Electronique embarqué/STM32_Workspace/DEEP_E3_A_ALEXANDRE_GUETSA/projet-f103/lib/bsp/Common" -I"C:/Users/Salxs/Documents/ESEO/Cours/Electronique_embarqué/Projet Electronique embarqué/STM32_Workspace/DEEP_E3_A_ALEXANDRE_GUETSA/projet-f103/lib/bsp/lcd2x16" -I"C:/Users/Salxs/Documents/ESEO/Cours/Electronique_embarqué/Projet Electronique embarqué/STM32_Workspace/DEEP_E3_A_ALEXANDRE_GUETSA/projet-f103/lib/bsp/MLX90614" -I"C:/Users/Salxs/Documents/ESEO/Cours/Electronique_embarqué/Projet Electronique embarqué/STM32_Workspace/DEEP_E3_A_ALEXANDRE_GUETSA/projet-f103/lib/bsp/MatrixKeyboard" -I"C:/Users/Salxs/Documents/ESEO/Cours/Electronique_embarqué/Projet Electronique embarqué/STM32_Workspace/DEEP_E3_A_ALEXANDRE_GUETSA/projet-f103/lib/bsp/MatrixLed" -I"C:/Users/Salxs/Documents/ESEO/Cours/Electronique_embarqué/Projet Electronique embarqué/STM32_Workspace/DEEP_E3_A_ALEXANDRE_GUETSA/projet-f103/lib/CMSIS/core" -I"C:/Users/Salxs/Documents/ESEO/Cours/Electronique_embarqué/Projet Electronique embarqué/STM32_Workspace/DEEP_E3_A_ALEXANDRE_GUETSA/projet-f103/lib/CMSIS/device" -I"C:/Users/Salxs/Documents/ESEO/Cours/Electronique_embarqué/Projet Electronique embarqué/STM32_Workspace/DEEP_E3_A_ALEXANDRE_GUETSA/projet-f103/lib/middleware/FatFs" -I"C:/Users/Salxs/Documents/ESEO/Cours/Electronique_embarqué/Projet Electronique embarqué/STM32_Workspace/DEEP_E3_A_ALEXANDRE_GUETSA/projet-f103/lib/middleware/FatFs/src" -I"C:/Users/Salxs/Documents/ESEO/Cours/Electronique_embarqué/Projet Electronique embarqué/STM32_Workspace/DEEP_E3_A_ALEXANDRE_GUETSA/projet-f103/lib/middleware/FatFs/src/drivers" -I"C:/Users/Salxs/Documents/ESEO/Cours/Electronique_embarqué/Projet Electronique embarqué/STM32_Workspace/DEEP_E3_A_ALEXANDRE_GUETSA/projet-f103/appli"  -Og -g3 -Wall -Wextra -Wconversion -fmessage-length=0 -ffunction-sections -fdata-sections -c -MMD -MP -MF"lib/bsp/NFC03A1/nfc03a1.d" -MT"lib/bsp/NFC03A1/nfc03a1.o" -o "lib/bsp/NFC03A1/nfc03a1.o" "../lib/bsp/NFC03A1/nfc03a1.c"
C:\Users\Salxs\Documents\ESEO\Cours\Electronique_embarqué\Projet Electronique embarqué\STM32_Workspace\DEEP_E3_A_ALEXANDRE_GUETSA\projet-f103\Debug
arm-none-eabi-gcc -mcpu=cortex-m3 -mthumb -mfloat-abi=soft -DSTM32F1 -DNUCLEO_F103RB -DSTM32F103RBTx -DSTM32 -DDEBUG -DUSE_HAL_DRIVER -DSTM32F103xB -I"C:/Users/Salxs/Documents/ESEO/Cours/Electronique_embarqué/Projet Electronique embarqué/STM32_Workspace/DEEP_E3_A_ALEXANDRE_GUETSA/projet-f103/lib/bsp" -I"C:/Users/Salxs/Documents/ESEO/Cours/Electronique_embarqué/Projet Electronique embarqué/STM32_Workspace/DEEP_E3_A_ALEXANDRE_GUETSA/projet-f103/lib/middleware/MIDI" -I"C:/Users/Salxs/Documents/ESEO/Cours/Electronique_embarqué/Projet Electronique embarqué/STM32_Workspace/DEEP_E3_A_ALEXANDRE_GUETSA/projet-f103/lib/bsp/VL53L0X" -I"C:/Users/Salxs/Documents/ESEO/Cours/Electronique_embarqué/Projet Electronique embarqué/STM32_Workspace/DEEP_E3_A_ALEXANDRE_GUETSA/projet-f103/lib/bsp/MPU6050" -I"C:/Users/Salxs/Documents/ESEO/Cours/Electronique_embarqué/Projet Electronique embarqué/STM32_Workspace/DEEP_E3_A_ALEXANDRE_GUETSA/projet-f103/lib/bsp/iks01a1" -I"C:/Users/Salxs/Documents/ESEO/Cours/Electronique_embarqué/Projet Electronique embarqué/STM32_Workspace/DEEP_E3_A_ALEXANDRE_GUETSA/projet-f103/lib/bsp/iks01a1/Common" -I"C:/Users/Salxs/Documents/ESEO/Cours/Electronique_embarqué/Projet Electronique embarqué/STM32_Workspace/DEEP_E3_A_ALEXANDRE_GUETSA/projet-f103/lib/bsp/iks01a1/hts221" -I"C:/Users/Salxs/Documents/ESEO/Cours/Electronique_embarqué/Projet Electronique embarqué/STM32_Workspace/DEEP_E3_A_ALEXANDRE_GUETSA/projet-f103/lib/bsp/iks01a1/lis3mdl" -I"C:/Users/Salxs/Documents/ESEO/Cours/Electronique_embarqué/Projet Electronique embarqué/STM32_Workspace/DEEP_E3_A_ALEXANDRE_GUETSA/projet-f103/lib/bsp/iks01a1/lps22hb" -I"C:/Users/Salxs/Documents/ESEO/Cours/Electronique_embarqué/Projet Electronique embarqué/STM32_Workspace/DEEP_E3_A_ALEXANDRE_GUETSA/projet-f103/lib/bsp/iks01a1/lps25hb" -I"C:/Users/Salxs/Documents/ESEO/Cours/Electronique_embarqué/Projet Electronique embarqué/STM32_Workspace/DEEP_E3_A_ALEXANDRE_GUETSA/projet-f103/lib/bsp/iks01a1/lsm6ds0" -I"C:/Users/Salxs/Documents/ESEO/Cours/Electronique_embarqué/Projet Electronique embarqué/STM32_Workspace/DEEP_E3_A_ALEXANDRE_GUETSA/projet-f103/lib/bsp/iks01a1/lsm6ds3" -I"C:/Users/Salxs/Documents/ESEO/Cours/Electronique_embarqué/Projet Electronique embarqué/STM32_Workspace/DEEP_E3_A_ALEXANDRE_GUETSA/projet-f103/lib/bsp/tft_ili9341" -I"C:/Users/Salxs/Documents/ESEO/Cours/Electronique_embarqué/Projet Electronique embarqué/STM32_Workspace/DEEP_E3_A_ALEXANDRE_GUETSA/projet-f103/lib/bsp/tft_pcd8544" -I"C:/Users/Salxs/Documents/ESEO/Cours/Electronique_embarqué/Projet Electronique embarqué/STM32_Workspace/DEEP_E3_A_ALEXANDRE_GUETSA/projet-f103/lib/bsp/MCP23S17" -I"C:/Users/Salxs/Documents/ESEO/Cours/Electronique_embarqué/Projet Electronique embarqué/STM32_Workspace/DEEP_E3_A_ALEXANDRE_GUETSA/projet-f103/lib/hal/inc" -I"C:/Users/Salxs/Documents/ESEO/Cours/Electronique_embarqué/Projet Electronique embarqué/STM32_Workspace/DEEP_E3_A_ALEXANDRE_GUETSA/projet-f103/lib/bsp/Common" -I"C:/Users/Salxs/Documents/ESEO/Cours/Electronique_embarqué/Projet Electronique embarqué/STM32_Workspace/DEEP_E3_A_ALEXANDRE_GUETSA/projet-f103/lib/bsp/lcd2x16" -I"C:/Users/Salxs/Documents/ESEO/Cours/Electronique_embarqué/Projet Electronique embarqué/STM32_Workspace/DEEP_E3_A_ALEXANDRE_GUETSA/projet-f103/lib/bsp/MLX90614" -I"C:/Users/Salxs/Documents/ESEO/Cours/Electronique_embarqué/Projet Electronique embarqué/STM32_Workspace/DEEP_E3_A_ALEXANDRE_GUETSA/projet-f103/lib/bsp/MatrixKeyboard" -I"C:/Users/Salxs/Documents/ESEO/Cours/Electronique_embarqué/Projet Electronique embarqué/STM32_Workspace/DEEP_E3_A_ALEXANDRE_GUETSA/projet-f103/lib/bsp/MatrixLed" -I"C:/Users/Salxs/Documents/ESEO/Cours/Electronique_embarqué/Projet Electronique embarqué/STM32_Workspace/DEEP_E3_A_ALEXANDRE_GUETSA/projet-f103/lib/CMSIS/core" -I"C:/Users/Salxs/Documents/ESEO/Cours/Electronique_embarqué/Projet Electronique embarqué/STM32_Workspace/DEEP_E3_A_ALEXANDRE_GUETSA/projet-f103/lib/CMSIS/device" -I"C:/Users/Salxs/Documents/ESEO/Cours/Electronique_embarqué/Projet Electronique embarqué/STM32_Workspace/DEEP_E3_A_ALEXANDRE_GUETSA/projet-f103/lib/middleware/FatFs" -I"C:/Users/Salxs/Documents/ESEO/Cours/Electronique_embarqué/Projet Electronique embarqué/STM32_Workspace/DEEP_E3_A_ALEXANDRE_GUETSA/projet-f103/lib/middleware/FatFs/src" -I"C:/Users/Salxs/Documents/ESEO/Cours/Electronique_embarqué/Projet Electronique embarqué/STM32_Workspace/DEEP_E3_A_ALEXANDRE_GUETSA/projet-f103/lib/middleware/FatFs/src/drivers" -I"C:/Users/Salxs/Documents/ESEO/Cours/Electronique_embarqué/Projet Electronique embarqué/STM32_Workspace/DEEP_E3_A_ALEXANDRE_GUETSA/projet-f103/appli"  -Og -g3 -Wall -Wextra -Wconversion -fmessage-length=0 -ffunction-sections -fdata-sections -c -MMD -MP -MF"appli/cadena.d" -MT"appli/cadena.o" -o "appli/cadena.o" "../appli/cadena.c"
../appli/cadena.c: In function 'CADENA_state_machine':
../appli/cadena.c:51:4: warning: implicit declaration of function 'BSP_GPIO_PinCfg'; did you mean 'IS_GPIO_PIN'? [-Wimplicit-function-declaration]
    BSP_GPIO_PinCfg(GPIOA, GPIO_PIN_6, GPIO_MODE_OUTPUT_PP,GPIO_NOPULL,GPIO_SPEED_FREQ_HIGH);
    ^~~~~~~~~~~~~~~
    IS_GPIO_PIN
../appli/cadena.c:54:4: warning: implicit declaration of function 'HC05_Init'; did you mean 'HAL_Init'? [-Wimplicit-function-declaration]
    HC05_Init();
    ^~~~~~~~~
    HAL_Init
../appli/cadena.c:66:13: warning: assignment makes integer from pointer without a cast [-Wint-conversion]
     message = "";
             ^
../appli/cadena.c:81:15: warning: comparison between pointer and integer
    if(message == "verrouille")
               ^~
../appli/cadena.c:81:15: warning: comparison with string literal results in unspecified behavior [-Waddress]
../appli/cadena.c:84:13: warning: assignment makes integer from pointer without a cast [-Wint-conversion]
     message = "";
             ^
../appli/cadena.c:87:20: warning: comparison between pointer and integer
    else if(message == "badge")
                    ^~
../appli/cadena.c:87:20: warning: comparison with string literal results in unspecified behavior [-Waddress]
../appli/cadena.c:89:12: warning: passing argument 1 of 'printf' makes pointer from integer without a cast [-Wint-conversion]
     printf(message);
            ^~~~~~~
In file included from C:/Users/Salxs/Documents/ESEO/Cours/Electronique_embarqué/Projet Electronique embarqué/STM32_Workspace/DEEP_E3_A_ALEXANDRE_GUETSA/projet-f103/lib/bsp/macro_types.h:10:0,
                 from ../appli/cadena.c:10:
d:\programme\logiciel\plugins\fr.ac6.mcu.externaltools.arm-none.win32_1.17.0.201812190825\tools\compiler\arm-none-eabi\include\stdio.h:200:5: note: expected 'const char * restrict' but argument is of type 'char'
 int printf (const char *__restrict, ...)
     ^~~~~~
../appli/cadena.c:91:13: warning: assignment makes integer from pointer without a cast [-Wint-conversion]
     message = "";
             ^
../appli/cadena.c:94:20: warning: comparison between pointer and integer
    else if(message == "gps")
                    ^~
../appli/cadena.c:94:20: warning: comparison with string literal results in unspecified behavior [-Waddress]
../appli/cadena.c:118:13: warning: assignment makes integer from pointer without a cast [-Wint-conversion]
     message = "";
             ^
../appli/cadena.c:148:6: warning: implicit declaration of function 'delay' [-Wimplicit-function-declaration]
      delay(1000);
      ^~~~~
../appli/cadena.c: In function 'CADENA_recuperation_message':
../appli/cadena.c:188:18: warning: initialization makes integer from pointer without a cast [-Wint-conversion]
  char infoChar = info +"0";
                  ^~~~
../appli/cadena.c: In function 'CADENA_state_machine':
../appli/cadena.c:100:33: warning: 'result' may be used uninitialized in this function [-Wmaybe-uninitialized]
      if((result == TRAME_GPRMC) || (result == TRAME_GPGGA))
         ~~~~~~~~~~~~~~~~~~~~~~~~^~~~~~~~~~~~~~~~~~~~~~~~~~
Finished building: ../appli/cadena.c
Finished building: ../lib/bsp/NFC03A1/nfc03a1.c
 
 
Building target: projet-f103.elf
Invoking: MCU GCC Linker
arm-none-eabi-gcc -mcpu=cortex-m3 -mthumb -mfloat-abi=soft -u_printf_float -specs=rdimon.specs -T"../lib/LinkerScript.ld" -Wl,-Map=output.map -Wl,--gc-sections -o "projet-f103.elf" @"objects.list"  -lc -lrdimon -lm
Finished building target: projet-f103.elf
 
make --no-print-directory post-build
Generating binary and Printing size information:
arm-none-eabi-objcopy -O binary "projet-f103.elf" "projet-f103.bin"
arm-none-eabi-size "projet-f103.elf"
   text	   data	    bss	    dec	    hex	filename
  67284	   2516	   4880	  74680	  123b8	projet-f103.elf
 
15:07:11 **** Incremental Build of configuration Debug for project projet-f103 ****
make -j4 all 
Building file: ../appli/main.c
Invoking: MCU GCC Compiler
C:\Users\Salxs\Documents\ESEO\Cours\Electronique_embarqué\Projet Electronique embarqué\STM32_Workspace\DEEP_E3_A_ALEXANDRE_GUETSA\projet-f103\Debug
arm-none-eabi-gcc -mcpu=cortex-m3 -mthumb -mfloat-abi=soft -DSTM32F1 -DNUCLEO_F103RB -DSTM32F103RBTx -DSTM32 -DDEBUG -DUSE_HAL_DRIVER -DSTM32F103xB -I"C:/Users/Salxs/Documents/ESEO/Cours/Electronique_embarqué/Projet Electronique embarqué/STM32_Workspace/DEEP_E3_A_ALEXANDRE_GUETSA/projet-f103/lib/bsp" -I"C:/Users/Salxs/Documents/ESEO/Cours/Electronique_embarqué/Projet Electronique embarqué/STM32_Workspace/DEEP_E3_A_ALEXANDRE_GUETSA/projet-f103/lib/middleware/MIDI" -I"C:/Users/Salxs/Documents/ESEO/Cours/Electronique_embarqué/Projet Electronique embarqué/STM32_Workspace/DEEP_E3_A_ALEXANDRE_GUETSA/projet-f103/lib/bsp/VL53L0X" -I"C:/Users/Salxs/Documents/ESEO/Cours/Electronique_embarqué/Projet Electronique embarqué/STM32_Workspace/DEEP_E3_A_ALEXANDRE_GUETSA/projet-f103/lib/bsp/MPU6050" -I"C:/Users/Salxs/Documents/ESEO/Cours/Electronique_embarqué/Projet Electronique embarqué/STM32_Workspace/DEEP_E3_A_ALEXANDRE_GUETSA/projet-f103/lib/bsp/iks01a1" -I"C:/Users/Salxs/Documents/ESEO/Cours/Electronique_embarqué/Projet Electronique embarqué/STM32_Workspace/DEEP_E3_A_ALEXANDRE_GUETSA/projet-f103/lib/bsp/iks01a1/Common" -I"C:/Users/Salxs/Documents/ESEO/Cours/Electronique_embarqué/Projet Electronique embarqué/STM32_Workspace/DEEP_E3_A_ALEXANDRE_GUETSA/projet-f103/lib/bsp/iks01a1/hts221" -I"C:/Users/Salxs/Documents/ESEO/Cours/Electronique_embarqué/Projet Electronique embarqué/STM32_Workspace/DEEP_E3_A_ALEXANDRE_GUETSA/projet-f103/lib/bsp/iks01a1/lis3mdl" -I"C:/Users/Salxs/Documents/ESEO/Cours/Electronique_embarqué/Projet Electronique embarqué/STM32_Workspace/DEEP_E3_A_ALEXANDRE_GUETSA/projet-f103/lib/bsp/iks01a1/lps22hb" -I"C:/Users/Salxs/Documents/ESEO/Cours/Electronique_embarqué/Projet Electronique embarqué/STM32_Workspace/DEEP_E3_A_ALEXANDRE_GUETSA/projet-f103/lib/bsp/iks01a1/lps25hb" -I"C:/Users/Salxs/Documents/ESEO/Cours/Electronique_embarqué/Projet Electronique embarqué/STM32_Workspace/DEEP_E3_A_ALEXANDRE_GUETSA/projet-f103/lib/bsp/iks01a1/lsm6ds0" -I"C:/Users/Salxs/Documents/ESEO/Cours/Electronique_embarqué/Projet Electronique embarqué/STM32_Workspace/DEEP_E3_A_ALEXANDRE_GUETSA/projet-f103/lib/bsp/iks01a1/lsm6ds3" -I"C:/Users/Salxs/Documents/ESEO/Cours/Electronique_embarqué/Projet Electronique embarqué/STM32_Workspace/DEEP_E3_A_ALEXANDRE_GUETSA/projet-f103/lib/bsp/tft_ili9341" -I"C:/Users/Salxs/Documents/ESEO/Cours/Electronique_embarqué/Projet Electronique embarqué/STM32_Workspace/DEEP_E3_A_ALEXANDRE_GUETSA/projet-f103/lib/bsp/tft_pcd8544" -I"C:/Users/Salxs/Documents/ESEO/Cours/Electronique_embarqué/Projet Electronique embarqué/STM32_Workspace/DEEP_E3_A_ALEXANDRE_GUETSA/projet-f103/lib/bsp/MCP23S17" -I"C:/Users/Salxs/Documents/ESEO/Cours/Electronique_embarqué/Projet Electronique embarqué/STM32_Workspace/DEEP_E3_A_ALEXANDRE_GUETSA/projet-f103/lib/hal/inc" -I"C:/Users/Salxs/Documents/ESEO/Cours/Electronique_embarqué/Projet Electronique embarqué/STM32_Workspace/DEEP_E3_A_ALEXANDRE_GUETSA/projet-f103/lib/bsp/Common" -I"C:/Users/Salxs/Documents/ESEO/Cours/Electronique_embarqué/Projet Electronique embarqué/STM32_Workspace/DEEP_E3_A_ALEXANDRE_GUETSA/projet-f103/lib/bsp/lcd2x16" -I"C:/Users/Salxs/Documents/ESEO/Cours/Electronique_embarqué/Projet Electronique embarqué/STM32_Workspace/DEEP_E3_A_ALEXANDRE_GUETSA/projet-f103/lib/bsp/MLX90614" -I"C:/Users/Salxs/Documents/ESEO/Cours/Electronique_embarqué/Projet Electronique embarqué/STM32_Workspace/DEEP_E3_A_ALEXANDRE_GUETSA/projet-f103/lib/bsp/MatrixKeyboard" -I"C:/Users/Salxs/Documents/ESEO/Cours/Electronique_embarqué/Projet Electronique embarqué/STM32_Workspace/DEEP_E3_A_ALEXANDRE_GUETSA/projet-f103/lib/bsp/MatrixLed" -I"C:/Users/Salxs/Documents/ESEO/Cours/Electronique_embarqué/Projet Electronique embarqué/STM32_Workspace/DEEP_E3_A_ALEXANDRE_GUETSA/projet-f103/lib/CMSIS/core" -I"C:/Users/Salxs/Documents/ESEO/Cours/Electronique_embarqué/Projet Electronique embarqué/STM32_Workspace/DEEP_E3_A_ALEXANDRE_GUETSA/projet-f103/lib/CMSIS/device" -I"C:/Users/Salxs/Documents/ESEO/Cours/Electronique_embarqué/Projet Electronique embarqué/STM32_Workspace/DEEP_E3_A_ALEXANDRE_GUETSA/projet-f103/lib/middleware/FatFs" -I"C:/Users/Salxs/Documents/ESEO/Cours/Electronique_embarqué/Projet Electronique embarqué/STM32_Workspace/DEEP_E3_A_ALEXANDRE_GUETSA/projet-f103/lib/middleware/FatFs/src" -I"C:/Users/Salxs/Documents/ESEO/Cours/Electronique_embarqué/Projet Electronique embarqué/STM32_Workspace/DEEP_E3_A_ALEXANDRE_GUETSA/projet-f103/lib/middleware/FatFs/src/drivers" -I"C:/Users/Salxs/Documents/ESEO/Cours/Electronique_embarqué/Projet Electronique embarqué/STM32_Workspace/DEEP_E3_A_ALEXANDRE_GUETSA/projet-f103/appli"  -Og -g3 -Wall -Wextra -Wconversion -fmessage-length=0 -ffunction-sections -fdata-sections -c -MMD -MP -MF"appli/main.d" -MT"appli/main.o" -o "appli/main.o" "../appli/main.c"
../appli/main.c: In function 'main':
../appli/main.c:72:3: warning: implicit declaration of function 'delay'; did you mean 'Delay_ms'? [-Wimplicit-function-declaration]
   delay(1000);
   ^~~~~
   Delay_ms
Finished building: ../appli/main.c
 
Building target: projet-f103.elf
Invoking: MCU GCC Linker
arm-none-eabi-gcc -mcpu=cortex-m3 -mthumb -mfloat-abi=soft -u_printf_float -specs=rdimon.specs -T"../lib/LinkerScript.ld" -Wl,-Map=output.map -Wl,--gc-sections -o "projet-f103.elf" @"objects.list"  -lc -lrdimon -lm
appli/main.o: In function `main':
C:\Users\Salxs\Documents\ESEO\Cours\Electronique_embarqué\Projet Electronique embarqué\STM32_Workspace\DEEP_E3_A_ALEXANDRE_GUETSA\projet-f103\Debug/../appli/main.c:72: undefined reference to `delay'
collect2.exe: error: ld returned 1 exit status
make: *** [projet-f103.elf] Error 1
makefile:80: recipe for target 'projet-f103.elf' failed
15:07:34 **** Incremental Build of configuration Debug for project projet-f103 ****
make -j4 all 
Building file: ../appli/main.c
Invoking: MCU GCC Compiler
C:\Users\Salxs\Documents\ESEO\Cours\Electronique_embarqué\Projet Electronique embarqué\STM32_Workspace\DEEP_E3_A_ALEXANDRE_GUETSA\projet-f103\Debug
arm-none-eabi-gcc -mcpu=cortex-m3 -mthumb -mfloat-abi=soft -DSTM32F1 -DNUCLEO_F103RB -DSTM32F103RBTx -DSTM32 -DDEBUG -DUSE_HAL_DRIVER -DSTM32F103xB -I"C:/Users/Salxs/Documents/ESEO/Cours/Electronique_embarqué/Projet Electronique embarqué/STM32_Workspace/DEEP_E3_A_ALEXANDRE_GUETSA/projet-f103/lib/bsp" -I"C:/Users/Salxs/Documents/ESEO/Cours/Electronique_embarqué/Projet Electronique embarqué/STM32_Workspace/DEEP_E3_A_ALEXANDRE_GUETSA/projet-f103/lib/middleware/MIDI" -I"C:/Users/Salxs/Documents/ESEO/Cours/Electronique_embarqué/Projet Electronique embarqué/STM32_Workspace/DEEP_E3_A_ALEXANDRE_GUETSA/projet-f103/lib/bsp/VL53L0X" -I"C:/Users/Salxs/Documents/ESEO/Cours/Electronique_embarqué/Projet Electronique embarqué/STM32_Workspace/DEEP_E3_A_ALEXANDRE_GUETSA/projet-f103/lib/bsp/MPU6050" -I"C:/Users/Salxs/Documents/ESEO/Cours/Electronique_embarqué/Projet Electronique embarqué/STM32_Workspace/DEEP_E3_A_ALEXANDRE_GUETSA/projet-f103/lib/bsp/iks01a1" -I"C:/Users/Salxs/Documents/ESEO/Cours/Electronique_embarqué/Projet Electronique embarqué/STM32_Workspace/DEEP_E3_A_ALEXANDRE_GUETSA/projet-f103/lib/bsp/iks01a1/Common" -I"C:/Users/Salxs/Documents/ESEO/Cours/Electronique_embarqué/Projet Electronique embarqué/STM32_Workspace/DEEP_E3_A_ALEXANDRE_GUETSA/projet-f103/lib/bsp/iks01a1/hts221" -I"C:/Users/Salxs/Documents/ESEO/Cours/Electronique_embarqué/Projet Electronique embarqué/STM32_Workspace/DEEP_E3_A_ALEXANDRE_GUETSA/projet-f103/lib/bsp/iks01a1/lis3mdl" -I"C:/Users/Salxs/Documents/ESEO/Cours/Electronique_embarqué/Projet Electronique embarqué/STM32_Workspace/DEEP_E3_A_ALEXANDRE_GUETSA/projet-f103/lib/bsp/iks01a1/lps22hb" -I"C:/Users/Salxs/Documents/ESEO/Cours/Electronique_embarqué/Projet Electronique embarqué/STM32_Workspace/DEEP_E3_A_ALEXANDRE_GUETSA/projet-f103/lib/bsp/iks01a1/lps25hb" -I"C:/Users/Salxs/Documents/ESEO/Cours/Electronique_embarqué/Projet Electronique embarqué/STM32_Workspace/DEEP_E3_A_ALEXANDRE_GUETSA/projet-f103/lib/bsp/iks01a1/lsm6ds0" -I"C:/Users/Salxs/Documents/ESEO/Cours/Electronique_embarqué/Projet Electronique embarqué/STM32_Workspace/DEEP_E3_A_ALEXANDRE_GUETSA/projet-f103/lib/bsp/iks01a1/lsm6ds3" -I"C:/Users/Salxs/Documents/ESEO/Cours/Electronique_embarqué/Projet Electronique embarqué/STM32_Workspace/DEEP_E3_A_ALEXANDRE_GUETSA/projet-f103/lib/bsp/tft_ili9341" -I"C:/Users/Salxs/Documents/ESEO/Cours/Electronique_embarqué/Projet Electronique embarqué/STM32_Workspace/DEEP_E3_A_ALEXANDRE_GUETSA/projet-f103/lib/bsp/tft_pcd8544" -I"C:/Users/Salxs/Documents/ESEO/Cours/Electronique_embarqué/Projet Electronique embarqué/STM32_Workspace/DEEP_E3_A_ALEXANDRE_GUETSA/projet-f103/lib/bsp/MCP23S17" -I"C:/Users/Salxs/Documents/ESEO/Cours/Electronique_embarqué/Projet Electronique embarqué/STM32_Workspace/DEEP_E3_A_ALEXANDRE_GUETSA/projet-f103/lib/hal/inc" -I"C:/Users/Salxs/Documents/ESEO/Cours/Electronique_embarqué/Projet Electronique embarqué/STM32_Workspace/DEEP_E3_A_ALEXANDRE_GUETSA/projet-f103/lib/bsp/Common" -I"C:/Users/Salxs/Documents/ESEO/Cours/Electronique_embarqué/Projet Electronique embarqué/STM32_Workspace/DEEP_E3_A_ALEXANDRE_GUETSA/projet-f103/lib/bsp/lcd2x16" -I"C:/Users/Salxs/Documents/ESEO/Cours/Electronique_embarqué/Projet Electronique embarqué/STM32_Workspace/DEEP_E3_A_ALEXANDRE_GUETSA/projet-f103/lib/bsp/MLX90614" -I"C:/Users/Salxs/Documents/ESEO/Cours/Electronique_embarqué/Projet Electronique embarqué/STM32_Workspace/DEEP_E3_A_ALEXANDRE_GUETSA/projet-f103/lib/bsp/MatrixKeyboard" -I"C:/Users/Salxs/Documents/ESEO/Cours/Electronique_embarqué/Projet Electronique embarqué/STM32_Workspace/DEEP_E3_A_ALEXANDRE_GUETSA/projet-f103/lib/bsp/MatrixLed" -I"C:/Users/Salxs/Documents/ESEO/Cours/Electronique_embarqué/Projet Electronique embarqué/STM32_Workspace/DEEP_E3_A_ALEXANDRE_GUETSA/projet-f103/lib/CMSIS/core" -I"C:/Users/Salxs/Documents/ESEO/Cours/Electronique_embarqué/Projet Electronique embarqué/STM32_Workspace/DEEP_E3_A_ALEXANDRE_GUETSA/projet-f103/lib/CMSIS/device" -I"C:/Users/Salxs/Documents/ESEO/Cours/Electronique_embarqué/Projet Electronique embarqué/STM32_Workspace/DEEP_E3_A_ALEXANDRE_GUETSA/projet-f103/lib/middleware/FatFs" -I"C:/Users/Salxs/Documents/ESEO/Cours/Electronique_embarqué/Projet Electronique embarqué/STM32_Workspace/DEEP_E3_A_ALEXANDRE_GUETSA/projet-f103/lib/middleware/FatFs/src" -I"C:/Users/Salxs/Documents/ESEO/Cours/Electronique_embarqué/Projet Electronique embarqué/STM32_Workspace/DEEP_E3_A_ALEXANDRE_GUETSA/projet-f103/lib/middleware/FatFs/src/drivers" -I"C:/Users/Salxs/Documents/ESEO/Cours/Electronique_embarqué/Projet Electronique embarqué/STM32_Workspace/DEEP_E3_A_ALEXANDRE_GUETSA/projet-f103/appli"  -Og -g3 -Wall -Wextra -Wconversion -fmessage-length=0 -ffunction-sections -fdata-sections -c -MMD -MP -MF"appli/main.d" -MT"appli/main.o" -o "appli/main.o" "../appli/main.c"
Finished building: ../appli/main.c
 
Building target: projet-f103.elf
Invoking: MCU GCC Linker
arm-none-eabi-gcc -mcpu=cortex-m3 -mthumb -mfloat-abi=soft -u_printf_float -specs=rdimon.specs -T"../lib/LinkerScript.ld" -Wl,-Map=output.map -Wl,--gc-sections -o "projet-f103.elf" @"objects.list"  -lc -lrdimon -lm
Finished building target: projet-f103.elf
 
make --no-print-directory post-build
Generating binary and Printing size information:
arm-none-eabi-objcopy -O binary "projet-f103.elf" "projet-f103.bin"
arm-none-eabi-size "projet-f103.elf"
   text	   data	    bss	    dec	    hex	filename
  34612	   2508	   3296	  40416	   9de0	projet-f103.elf
 
15:09:10 **** Incremental Build of configuration Debug for project projet-f103 ****
make -j4 all 
Building file: ../appli/main.c
Invoking: MCU GCC Compiler
C:\Users\Salxs\Documents\ESEO\Cours\Electronique_embarqué\Projet Electronique embarqué\STM32_Workspace\DEEP_E3_A_ALEXANDRE_GUETSA\projet-f103\Debug
arm-none-eabi-gcc -mcpu=cortex-m3 -mthumb -mfloat-abi=soft -DSTM32F1 -DNUCLEO_F103RB -DSTM32F103RBTx -DSTM32 -DDEBUG -DUSE_HAL_DRIVER -DSTM32F103xB -I"C:/Users/Salxs/Documents/ESEO/Cours/Electronique_embarqué/Projet Electronique embarqué/STM32_Workspace/DEEP_E3_A_ALEXANDRE_GUETSA/projet-f103/lib/bsp" -I"C:/Users/Salxs/Documents/ESEO/Cours/Electronique_embarqué/Projet Electronique embarqué/STM32_Workspace/DEEP_E3_A_ALEXANDRE_GUETSA/projet-f103/lib/middleware/MIDI" -I"C:/Users/Salxs/Documents/ESEO/Cours/Electronique_embarqué/Projet Electronique embarqué/STM32_Workspace/DEEP_E3_A_ALEXANDRE_GUETSA/projet-f103/lib/bsp/VL53L0X" -I"C:/Users/Salxs/Documents/ESEO/Cours/Electronique_embarqué/Projet Electronique embarqué/STM32_Workspace/DEEP_E3_A_ALEXANDRE_GUETSA/projet-f103/lib/bsp/MPU6050" -I"C:/Users/Salxs/Documents/ESEO/Cours/Electronique_embarqué/Projet Electronique embarqué/STM32_Workspace/DEEP_E3_A_ALEXANDRE_GUETSA/projet-f103/lib/bsp/iks01a1" -I"C:/Users/Salxs/Documents/ESEO/Cours/Electronique_embarqué/Projet Electronique embarqué/STM32_Workspace/DEEP_E3_A_ALEXANDRE_GUETSA/projet-f103/lib/bsp/iks01a1/Common" -I"C:/Users/Salxs/Documents/ESEO/Cours/Electronique_embarqué/Projet Electronique embarqué/STM32_Workspace/DEEP_E3_A_ALEXANDRE_GUETSA/projet-f103/lib/bsp/iks01a1/hts221" -I"C:/Users/Salxs/Documents/ESEO/Cours/Electronique_embarqué/Projet Electronique embarqué/STM32_Workspace/DEEP_E3_A_ALEXANDRE_GUETSA/projet-f103/lib/bsp/iks01a1/lis3mdl" -I"C:/Users/Salxs/Documents/ESEO/Cours/Electronique_embarqué/Projet Electronique embarqué/STM32_Workspace/DEEP_E3_A_ALEXANDRE_GUETSA/projet-f103/lib/bsp/iks01a1/lps22hb" -I"C:/Users/Salxs/Documents/ESEO/Cours/Electronique_embarqué/Projet Electronique embarqué/STM32_Workspace/DEEP_E3_A_ALEXANDRE_GUETSA/projet-f103/lib/bsp/iks01a1/lps25hb" -I"C:/Users/Salxs/Documents/ESEO/Cours/Electronique_embarqué/Projet Electronique embarqué/STM32_Workspace/DEEP_E3_A_ALEXANDRE_GUETSA/projet-f103/lib/bsp/iks01a1/lsm6ds0" -I"C:/Users/Salxs/Documents/ESEO/Cours/Electronique_embarqué/Projet Electronique embarqué/STM32_Workspace/DEEP_E3_A_ALEXANDRE_GUETSA/projet-f103/lib/bsp/iks01a1/lsm6ds3" -I"C:/Users/Salxs/Documents/ESEO/Cours/Electronique_embarqué/Projet Electronique embarqué/STM32_Workspace/DEEP_E3_A_ALEXANDRE_GUETSA/projet-f103/lib/bsp/tft_ili9341" -I"C:/Users/Salxs/Documents/ESEO/Cours/Electronique_embarqué/Projet Electronique embarqué/STM32_Workspace/DEEP_E3_A_ALEXANDRE_GUETSA/projet-f103/lib/bsp/tft_pcd8544" -I"C:/Users/Salxs/Documents/ESEO/Cours/Electronique_embarqué/Projet Electronique embarqué/STM32_Workspace/DEEP_E3_A_ALEXANDRE_GUETSA/projet-f103/lib/bsp/MCP23S17" -I"C:/Users/Salxs/Documents/ESEO/Cours/Electronique_embarqué/Projet Electronique embarqué/STM32_Workspace/DEEP_E3_A_ALEXANDRE_GUETSA/projet-f103/lib/hal/inc" -I"C:/Users/Salxs/Documents/ESEO/Cours/Electronique_embarqué/Projet Electronique embarqué/STM32_Workspace/DEEP_E3_A_ALEXANDRE_GUETSA/projet-f103/lib/bsp/Common" -I"C:/Users/Salxs/Documents/ESEO/Cours/Electronique_embarqué/Projet Electronique embarqué/STM32_Workspace/DEEP_E3_A_ALEXANDRE_GUETSA/projet-f103/lib/bsp/lcd2x16" -I"C:/Users/Salxs/Documents/ESEO/Cours/Electronique_embarqué/Projet Electronique embarqué/STM32_Workspace/DEEP_E3_A_ALEXANDRE_GUETSA/projet-f103/lib/bsp/MLX90614" -I"C:/Users/Salxs/Documents/ESEO/Cours/Electronique_embarqué/Projet Electronique embarqué/STM32_Workspace/DEEP_E3_A_ALEXANDRE_GUETSA/projet-f103/lib/bsp/MatrixKeyboard" -I"C:/Users/Salxs/Documents/ESEO/Cours/Electronique_embarqué/Projet Electronique embarqué/STM32_Workspace/DEEP_E3_A_ALEXANDRE_GUETSA/projet-f103/lib/bsp/MatrixLed" -I"C:/Users/Salxs/Documents/ESEO/Cours/Electronique_embarqué/Projet Electronique embarqué/STM32_Workspace/DEEP_E3_A_ALEXANDRE_GUETSA/projet-f103/lib/CMSIS/core" -I"C:/Users/Salxs/Documents/ESEO/Cours/Electronique_embarqué/Projet Electronique embarqué/STM32_Workspace/DEEP_E3_A_ALEXANDRE_GUETSA/projet-f103/lib/CMSIS/device" -I"C:/Users/Salxs/Documents/ESEO/Cours/Electronique_embarqué/Projet Electronique embarqué/STM32_Workspace/DEEP_E3_A_ALEXANDRE_GUETSA/projet-f103/lib/middleware/FatFs" -I"C:/Users/Salxs/Documents/ESEO/Cours/Electronique_embarqué/Projet Electronique embarqué/STM32_Workspace/DEEP_E3_A_ALEXANDRE_GUETSA/projet-f103/lib/middleware/FatFs/src" -I"C:/Users/Salxs/Documents/ESEO/Cours/Electronique_embarqué/Projet Electronique embarqué/STM32_Workspace/DEEP_E3_A_ALEXANDRE_GUETSA/projet-f103/lib/middleware/FatFs/src/drivers" -I"C:/Users/Salxs/Documents/ESEO/Cours/Electronique_embarqué/Projet Electronique embarqué/STM32_Workspace/DEEP_E3_A_ALEXANDRE_GUETSA/projet-f103/appli"  -Og -g3 -Wall -Wextra -Wconversion -fmessage-length=0 -ffunction-sections -fdata-sections -c -MMD -MP -MF"appli/main.d" -MT"appli/main.o" -o "appli/main.o" "../appli/main.c"
../appli/main.c: In function 'main':
../appli/main.c:70:3: warning: implicit declaration of function 'CADENA_state_machine' [-Wimplicit-function-declaration]
   CADENA_state_machine();
   ^~~~~~~~~~~~~~~~~~~~
Finished building: ../appli/main.c
 
Building target: projet-f103.elf
Invoking: MCU GCC Linker
arm-none-eabi-gcc -mcpu=cortex-m3 -mthumb -mfloat-abi=soft -u_printf_float -specs=rdimon.specs -T"../lib/LinkerScript.ld" -Wl,-Map=output.map -Wl,--gc-sections -o "projet-f103.elf" @"objects.list"  -lc -lrdimon -lm
Finished building target: projet-f103.elf
 
make --no-print-directory post-build
Generating binary and Printing size information:
arm-none-eabi-objcopy -O binary "projet-f103.elf" "projet-f103.bin"
arm-none-eabi-size "projet-f103.elf"
   text	   data	    bss	    dec	    hex	filename
  67284	   2516	   4880	  74680	  123b8	projet-f103.elf
 
